File Write Test
